edges
| timing.go:14:18:14:27 | selection of Header | timing.go:14:18:14:45 | call to Get |
| timing.go:14:18:14:45 | call to Get | timing.go:16:25:16:36 | headerSecret |
nodes
| timing.go:14:18:14:27 | selection of Header | semmle.label | selection of Header |
| timing.go:14:18:14:45 | call to Get | semmle.label | call to Get |
| timing.go:16:25:16:36 | headerSecret | semmle.label | headerSecret |
subpaths
#select
| timing.go:16:25:16:36 | headerSecret | timing.go:14:18:14:27 | selection of Header | timing.go:16:25:16:36 | headerSecret | $@ may be vulnerable to timing attacks. | timing.go:14:18:14:27 | selection of Header | Hardcoded String |
