{
  "markdownMessage": "A Swift package was detected, but no viable Xcode target was found.\n\nSwift Package Manager builds are not currently supported by `autobuild`. Set up a [manual build command][1].\n\n[1]: https://docs.github.com/en/enterprise-server/code-security/code-scanning/automatically-scanning-your-code-for-vulnerabilities-and-errors/configuring-the-codeql-workflow-for-compiled-languages#adding-build-steps-for-a-compiled-language",
  "severity": "error",
  "source": {
    "extractorName": "swift",
    "id": "swift/autobuilder/spm-not-supported",
    "name": "Swift Package Manager is not supported"
  },
  "visibility": {
    "cliSummaryTable": true,
    "statusPage": true,
    "telemetry": true
  }
}
