edges
| Dsn.go:26:11:26:17 | selection of Args | Dsn.go:29:29:29:33 | dbDSN |
| Dsn.go:62:2:62:4 | definition of cfg [pointer] | Dsn.go:63:9:63:11 | cfg [pointer] |
| Dsn.go:62:2:62:4 | definition of cfg [pointer] | Dsn.go:67:102:67:104 | cfg [pointer] |
| Dsn.go:63:9:63:11 | cfg [pointer] | Dsn.go:63:9:63:11 | implicit dereference |
| Dsn.go:63:9:63:11 | implicit dereference | Dsn.go:62:2:62:4 | definition of cfg [pointer] |
| Dsn.go:63:9:63:11 | implicit dereference | Dsn.go:63:9:63:11 | implicit dereference |
| Dsn.go:63:9:63:11 | implicit dereference | Dsn.go:68:29:68:33 | dbDSN |
| Dsn.go:63:19:63:25 | selection of Args | Dsn.go:63:9:63:11 | implicit dereference |
| Dsn.go:63:19:63:25 | selection of Args | Dsn.go:68:29:68:33 | dbDSN |
| Dsn.go:67:102:67:104 | cfg [pointer] | Dsn.go:67:102:67:104 | implicit dereference |
| Dsn.go:67:102:67:104 | implicit dereference | Dsn.go:63:9:63:11 | implicit dereference |
| Dsn.go:67:102:67:104 | implicit dereference | Dsn.go:68:29:68:33 | dbDSN |
nodes
| Dsn.go:26:11:26:17 | selection of Args | semmle.label | selection of Args |
| Dsn.go:29:29:29:33 | dbDSN | semmle.label | dbDSN |
| Dsn.go:62:2:62:4 | definition of cfg [pointer] | semmle.label | definition of cfg [pointer] |
| Dsn.go:63:9:63:11 | cfg [pointer] | semmle.label | cfg [pointer] |
| Dsn.go:63:9:63:11 | implicit dereference | semmle.label | implicit dereference |
| Dsn.go:63:19:63:25 | selection of Args | semmle.label | selection of Args |
| Dsn.go:67:102:67:104 | cfg [pointer] | semmle.label | cfg [pointer] |
| Dsn.go:67:102:67:104 | implicit dereference | semmle.label | implicit dereference |
| Dsn.go:68:29:68:33 | dbDSN | semmle.label | dbDSN |
subpaths
#select
| Dsn.go:29:29:29:33 | dbDSN | Dsn.go:26:11:26:17 | selection of Args | Dsn.go:29:29:29:33 | dbDSN | This query depends on a $@. | Dsn.go:26:11:26:17 | selection of Args | user-provided value |
| Dsn.go:68:29:68:33 | dbDSN | Dsn.go:63:19:63:25 | selection of Args | Dsn.go:68:29:68:33 | dbDSN | This query depends on a $@. | Dsn.go:63:19:63:25 | selection of Args | user-provided value |
